delta-sat with delta = 0.0009999999999999998 ( > 2305843009213693/2305843009213693952)
